[22:05:09] [ServerMain/INFO]: [bootstrap] Running Java 25 (OpenJDK 64-Bit Server VM 25.0.2+10; Red Hat, Inc. (Red_Hat-25.0.2.0.10-2)) on Linux 6.18.13-200.fc43.x86_64 (amd64)
[22:05:09] [ServerMain/INFO]: [bootstrap] Loading Paper 1.21.11-117-main@79c77f5 (2026-02-20T00:03:51Z) for Minecraft 1.21.11
[22:05:09] [ServerMain/INFO]: [PluginInitializerManager] Initializing plugins...
[22:05:09] [ServerMain/INFO]: [PluginInitializerManager] Initialized 2 plugins
[22:05:09] [ServerMain/INFO]: [PluginInitializerManager] Paper plugins (1):
 - PlugManX (3.0.3)
[22:05:09] [ServerMain/INFO]: [PluginInitializerManager] Bukkit plugins (1):
 - PluginGradle (0.1)
[22:05:11] [ServerMain/INFO]: Environment: Environment[sessionHost=https://sessionserver.mojang.com, servicesHost=https://api.minecraftservices.com, profilesHost=https://api.mojang.com, name=PROD]
[22:05:12] [ServerMain/INFO]: Loaded 1470 recipes
[22:05:12] [ServerMain/INFO]: Loaded 1584 advancements
[22:05:12] [ServerMain/INFO]: [ca.spottedleaf.dataconverter.minecraft.datatypes.MCTypeRegistry] Initialising converters for DataConverter...
[22:05:12] [ServerMain/INFO]: [ca.spottedleaf.dataconverter.minecraft.datatypes.MCTypeRegistry] Finished initialising converters for DataConverter in 174.5ms
[22:05:12] [Server thread/INFO]: Starting minecraft server version 1.21.11
[22:05:12] [Server thread/INFO]: Loading properties
[22:05:12] [Server thread/INFO]: This server is running Paper version 1.21.11-117-main@79c77f5 (2026-02-20T00:03:51Z) (Implementing API version 1.21.11-R0.1-SNAPSHOT)
[22:05:12] [Server thread/INFO]: [spark] This server bundles the spark profiler. For more information please visit https://docs.papermc.io/paper/profiling
[22:05:12] [Server thread/INFO]: Server Ping Player Sample Count: 12
[22:05:12] [Server thread/INFO]: Using 4 threads for Netty based IO
[22:05:12] [Server thread/INFO]: [MoonriseCommon] Paper is using 4 worker threads, 1 I/O threads
[22:05:13] [Server thread/INFO]: Default game type: SURVIVAL
[22:05:13] [Server thread/INFO]: Generating keypair
[22:05:13] [Server thread/INFO]: Starting Minecraft server on *:25565
[22:05:13] [Server thread/INFO]: Paper: Using libdeflate (Linux x86_64) compression from Velocity.
[22:05:13] [Server thread/INFO]: Paper: Using OpenSSL 3.x.x (Linux x86_64) cipher from Velocity.
[22:05:13] [Server thread/INFO]: [PlugManX] Loading server plugin PlugManX v3.0.3
[22:05:13] [Server thread/INFO]: [PluginGradle] Loading server plugin PluginGradle v0.1
[22:05:13] [Server thread/INFO]: Server permissions file permissions.yml is empty, ignoring it
[22:05:13] [Server thread/INFO]: [PlugManX] Enabling PlugManX v3.0.3
[22:05:13] [Server thread/WARN]: **** SERVER IS RUNNING IN OFFLINE/INSECURE MODE!
[22:05:13] [Server thread/WARN]: The server will make no attempt to authenticate usernames. Beware.
[22:05:13] [Server thread/WARN]: While this makes the game possible to play without internet access, it also opens up the ability for hackers to connect with any username they choose.
[22:05:13] [Server thread/WARN]: To change this, set "online-mode" to "true" in the server.properties file.
[22:05:13] [Server thread/INFO]: Preparing level "world"
[22:05:13] [Server thread/INFO]: [ca.spottedleaf.moonrise.common.util.MoonriseConstants] NUMA enable flag is not set; however there is NUMA interaction support for this OS.
[22:05:13] [Server thread/INFO]: [ca.spottedleaf.moonrise.common.util.MoonriseConstants] Detected 1 NUMA nodes.
[22:05:13] [Server thread/INFO]: Loading 0 persistent chunks for world 'minecraft:overworld'...
[22:05:13] [Server thread/INFO]: Prepared spawn area in 1 ms
[22:05:13] [Server thread/INFO]: Loading 0 persistent chunks for world 'minecraft:the_nether'...
[22:05:13] [Server thread/INFO]: Prepared spawn area in 0 ms
[22:05:13] [Server thread/INFO]: Loading 0 persistent chunks for world 'minecraft:the_end'...
[22:05:13] [Server thread/INFO]: Prepared spawn area in 0 ms
[22:05:13] [Server thread/INFO]: Done preparing level "world" (0.182s)
[22:05:13] [Server thread/INFO]: [PluginGradle] Enabling PluginGradle v0.1
[22:05:13] [Server thread/INFO]: [spark] Starting background profiler...
[22:05:13] [Server thread/INFO]: Starting remote control listener
[22:05:13] [Server thread/INFO]: Thread RCON Listener started
[22:05:13] [Server thread/INFO]: RCON running on 0.0.0.0:25575
[22:05:13] [Server thread/INFO]: Running delayed init tasks
[22:05:13] [Server thread/INFO]: Done (5.149s)! For help, type "help"
[22:05:13] [Paper Async Task Handler Thread - 1/INFO]: *** Currently you are 9 build(s) behind ***
[22:05:13] [Paper Async Task Handler Thread - 1/INFO]: *** It is highly recommended to download the latest build from https://papermc.io/downloads/paper ***
[23:42:03] [Server console handler/ERROR]: Caught previously unhandled exception :
java.io.IOError: java.io.IOException: Input/output error
	at org.jline.keymap.BindingReader.readCharacter(BindingReader.java:170) ~[jline-reader-3.20.0.jar:?]
	at org.jline.keymap.BindingReader.readBinding(BindingReader.java:110) ~[jline-reader-3.20.0.jar:?]
	at org.jline.keymap.BindingReader.readBinding(BindingReader.java:61) ~[jline-reader-3.20.0.jar:?]
	at org.jline.reader.impl.LineReaderImpl.doReadBinding(LineReaderImpl.java:923) ~[jline-reader-3.20.0.jar:?]
	at org.jline.reader.impl.LineReaderImpl.readBinding(LineReaderImpl.java:956) ~[jline-reader-3.20.0.jar:?]
	at org.jline.reader.impl.LineReaderImpl.readLine(LineReaderImpl.java:651) ~[jline-reader-3.20.0.jar:?]
	at org.jline.reader.impl.LineReaderImpl.readLine(LineReaderImpl.java:468) ~[jline-reader-3.20.0.jar:?]
	at net.minecrell.terminalconsole.SimpleTerminalConsole.readCommands(SimpleTerminalConsole.java:158) ~[terminalconsoleappender-1.3.0.jar:?]
	at net.minecrell.terminalconsole.SimpleTerminalConsole.start(SimpleTerminalConsole.java:141) ~[terminalconsoleappender-1.3.0.jar:?]
	at net.minecraft.server.dedicated.DedicatedServer$1.run(DedicatedServer.java:198) ~[paper-1.21.11.jar:1.21.11-117-79c77f5]
Caused by: java.io.IOException: Input/output error
	at java.base/java.io.FileInputStream.read0(Native Method) ~[?:?]
	at java.base/java.io.FileInputStream.read(FileInputStream.java:201) ~[?:?]
	at java.base/java.io.FilterInputStream.read(FilterInputStream.java:71) ~[?:?]
	at org.jline.terminal.impl.AbstractPty$1.read(AbstractPty.java:58) ~[jline-terminal-3.27.1.jar:?]
	at org.jline.terminal.impl.AbstractPty$PtyInputStream.read(AbstractPty.java:124) ~[jline-terminal-3.27.1.jar:?]
	at org.jline.utils.NonBlockingInputStream.read(NonBlockingInputStream.java:62) ~[jline-terminal-3.27.1.jar:?]
	at org.jline.utils.NonBlocking$NonBlockingInputStreamReader.read(NonBlocking.java:157) ~[jline-terminal-3.27.1.jar:?]
	at org.jline.utils.NonBlockingReader.read(NonBlockingReader.java:56) ~[jline-terminal-3.27.1.jar:?]
	at org.jline.keymap.BindingReader.readCharacter(BindingReader.java:160) ~[jline-reader-3.20.0.jar:?]
	... 9 more
[23:42:03] [Server thread/INFO]: Stopping server
[23:42:03] [Server thread/INFO]: [PluginGradle] Disabling PluginGradle v0.1
[23:42:03] [Server thread/INFO]: [PluginGradle] Plugin Disabled
[23:42:03] [Server thread/INFO]: [PlugManX] Disabling PlugManX v3.0.3
[23:42:03] [Server thread/INFO]: Saving players
[23:42:03] [Server thread/INFO]: Saving worlds
[23:42:03] [Server thread/INFO]: Saving chunks for level 'ServerLevel[world]'/minecraft:overworld
[23:42:03] [Server thread/INFO]: [ChunkHolderManager] Waiting 60s for chunk system to halt for world 'world'
[23:42:03] [Server thread/INFO]: [ChunkHolderManager] Halted chunk system for world 'world'
[23:42:03] [Server thread/INFO]: [ChunkHolderManager] Saving all chunkholders for world 'world'
[23:42:03] [Server thread/INFO]: [ChunkHolderManager] Saved 0 block chunks, 0 entity chunks, 0 poi chunks in world 'world' in 0.00s
[23:42:03] [Server thread/INFO]: [ChunkHolderManager] Waiting 60s for chunk I/O to halt for world 'world'
[23:42:03] [Server thread/INFO]: [ChunkHolderManager] Halted I/O scheduler for world 'world'
[23:42:03] [Server thread/INFO]: Saving chunks for level 'ServerLevel[world_nether]'/minecraft:the_nether
[23:42:03] [Server thread/INFO]: [ChunkHolderManager] Waiting 60s for chunk system to halt for world 'world_nether'
[23:42:03] [Server thread/INFO]: [ChunkHolderManager] Halted chunk system for world 'world_nether'
[23:42:03] [Server thread/INFO]: [ChunkHolderManager] Saving all chunkholders for world 'world_nether'
[23:42:03] [Server thread/INFO]: [ChunkHolderManager] Saved 0 block chunks, 0 entity chunks, 0 poi chunks in world 'world_nether' in 0.00s
[23:42:03] [Server thread/INFO]: [ChunkHolderManager] Waiting 60s for chunk I/O to halt for world 'world_nether'
[23:42:03] [Server thread/INFO]: [ChunkHolderManager] Halted I/O scheduler for world 'world_nether'
[23:42:03] [Server thread/INFO]: Saving chunks for level 'ServerLevel[world_the_end]'/minecraft:the_end
[23:42:03] [Server thread/INFO]: [ChunkHolderManager] Waiting 60s for chunk system to halt for world 'world_the_end'
[23:42:03] [Server thread/INFO]: [ChunkHolderManager] Halted chunk system for world 'world_the_end'
[23:42:03] [Server thread/INFO]: [ChunkHolderManager] Saving all chunkholders for world 'world_the_end'
[23:42:03] [Server thread/INFO]: [ChunkHolderManager] Saved 0 block chunks, 0 entity chunks, 0 poi chunks in world 'world_the_end' in 0.00s
[23:42:03] [Server thread/INFO]: [ChunkHolderManager] Waiting 60s for chunk I/O to halt for world 'world_the_end'
[23:42:03] [Server thread/INFO]: [ChunkHolderManager] Halted I/O scheduler for world 'world_the_end'
[23:42:03] [Server thread/INFO]: ThreadedAnvilChunkStorage (world): All chunks are saved
[23:42:03] [Server thread/INFO]: ThreadedAnvilChunkStorage (DIM-1): All chunks are saved
[23:42:03] [Server thread/INFO]: ThreadedAnvilChunkStorage (DIM1): All chunks are saved
[23:42:03] [Server thread/INFO]: ThreadedAnvilChunkStorage: All dimensions are saved
[23:42:03] [Server thread/INFO]: Waiting for all RegionFile I/O tasks to complete...
[23:42:03] [Server thread/INFO]: All RegionFile I/O tasks to complete
[23:42:03] [Server thread/INFO]: [MoonriseCommon] Awaiting termination of worker pool for up to 60s...
[23:42:03] [Server thread/INFO]: [MoonriseCommon] Awaiting termination of I/O pool for up to 60s...
